{"type":"server-started","port":51152,"host":"127.0.0.1","url_host":"localhost","url":"http://localhost:51152","screen_dir":"/home/chris/ppp2/artcrm/artcrm-supervisor/.superpowers/brainstorm/961058-1780326277/content","state_dir":"/home/chris/ppp2/artcrm/artcrm-supervisor/.superpowers/brainstorm/961058-1780326277/state"}
{"type":"screen-added","file":"/home/chris/ppp2/artcrm/artcrm-supervisor/.superpowers/brainstorm/961058-1780326277/content/access.html"}
{"type":"screen-updated","file":"/home/chris/ppp2/artcrm/artcrm-supervisor/.superpowers/brainstorm/961058-1780326277/content/access.html"}
{"source":"user-event","type":"click","text":"A\n    \n      Direct to VPS over the internet\n      \n        App talks to https://crm.christopherrehm.de — HTTPS,\n        login required. Works anywhere, no VPN.\n      \n      \n        \n          Pros\n          \n            Works on any network\n            Simple setup\n          \n        \n        \n          Cons\n          \n            API must be publicly exposed\n            Need SSL on the VPS","choice":"a","id":null,"timestamp":1780326333507}
{"source":"user-event","type":"click","text":"A\n    \n      Direct to VPS over the internet\n      \n        App talks to https://crm.christopherrehm.de — HTTPS,\n        login required. Works anywhere, no VPN.\n      \n      \n        \n          Pros\n          \n            Works on any network\n            Simple setup\n          \n        \n        \n          Cons\n          \n            API must be publicly exposed\n            Need SSL on the VPS","choice":"a","id":null,"timestamp":1780326337669}
{"source":"user-event","type":"click","text":"A\n    \n      Direct to VPS over the internet\n      \n        App talks to https://crm.christopherrehm.de — HTTPS,\n        login required. Works anywhere, no VPN.\n      \n      \n        \n          Pros\n          \n            Works on any network\n            Simple setup\n          \n        \n        \n          Cons\n          \n            API must be publicly exposed\n            Need SSL on the VPS","choice":"a","id":null,"timestamp":1780326338247}
{"source":"user-event","type":"click","text":"A\n    \n      Direct to VPS over the internet\n      \n        App talks to https://crm.christopherrehm.de — HTTPS,\n        login required. Works anywhere, no VPN.\n      \n      \n        \n          Pros\n          \n            Works on any network\n            Simple setup\n          \n        \n        \n          Cons\n          \n            API must be publicly exposed\n            Need SSL on the VPS","choice":"a","id":null,"timestamp":1780326338441}
{"type":"screen-added","file":"/home/chris/ppp2/artcrm/artcrm-supervisor/.superpowers/brainstorm/961058-1780326277/content/screens.html"}
{"type":"screen-updated","file":"/home/chris/ppp2/artcrm/artcrm-supervisor/.superpowers/brainstorm/961058-1780326277/content/screens.html"}
{"source":"user-event","type":"click","text":"✓\n    \n      Approvals\n      \n        Review and approve/reject email drafts before they send. The most\n        time-sensitive screen.","choice":"approvals","id":null,"timestamp":1780326382265}
{"source":"user-event","type":"click","text":"✉\n    \n      Inbox\n      \n        See replies from galleries and classify them (interested, not\n        interested, etc.)","choice":"inbox","id":null,"timestamp":1780326385287}
{"source":"user-event","type":"click","text":"👤\n    \n      Contacts\n      Browse and search venues — filter by status, city, fit score.","choice":"contacts","id":null,"timestamp":1780326386097}
{"source":"user-event","type":"click","text":"⚡\n    \n      Activity\n      Watch agent runs — what's running, what finished, any errors.","choice":"activity","id":null,"timestamp":1780326388003}
{"source":"user-event","type":"click","text":"📊\n    \n      Marketing\n      \n        Observations, strategies, digests. More of a desktop reading experience.","choice":"marketing","id":null,"timestamp":1780326389817}
{"source":"user-event","type":"click","text":"🔍\n    \n      Research / Trigger Scans\n      \n        Kick off a city scan from your phone — pick city, pick level, run it.","choice":"research","id":null,"timestamp":1780326390612}
{"type":"screen-added","file":"/home/chris/ppp2/artcrm/artcrm-supervisor/.superpowers/brainstorm/961058-1780326277/content/navigation.html"}
{"type":"screen-updated","file":"/home/chris/ppp2/artcrm/artcrm-supervisor/.superpowers/brainstorm/961058-1780326277/content/navigation.html"}
{"source":"user-event","type":"click","text":"B\n    \n      Side Drawer\n      \n        Hamburger menu slides in from the left. Common for apps with many\n        sections.\n      \n      \n        \n          \n            \n            \n              \n                ARTCRM\n              \n              \n                \n                  ✓ Approvals\n                \n                \n                  ✉ Inbox\n                \n                \n                  👤 Contacts\n                \n                \n                  ⚡ Activity\n                \n                \n                  📊 Marketing\n                \n                \n                  🔍 Research\n                \n              \n            \n            \n            \n              Approvals\n            \n          \n        \n      \n      \n        All 6 sections always reachable, one tap away","choice":"drawer","id":null,"timestamp":1780326431097}
{"type":"screen-added","file":"/home/chris/ppp2/artcrm/artcrm-supervisor/.superpowers/brainstorm/961058-1780326277/content/approaches.html"}
{"type":"screen-updated","file":"/home/chris/ppp2/artcrm/artcrm-supervisor/.superpowers/brainstorm/961058-1780326277/content/approaches.html"}
{"type":"screen-added","file":"/home/chris/ppp2/artcrm/artcrm-supervisor/.superpowers/brainstorm/961058-1780326277/content/design-architecture.html"}
{"type":"screen-updated","file":"/home/chris/ppp2/artcrm/artcrm-supervisor/.superpowers/brainstorm/961058-1780326277/content/design-architecture.html"}
{"type":"screen-added","file":"/home/chris/ppp2/artcrm/artcrm-supervisor/.superpowers/brainstorm/961058-1780326277/content/design-screens.html"}
{"type":"screen-updated","file":"/home/chris/ppp2/artcrm/artcrm-supervisor/.superpowers/brainstorm/961058-1780326277/content/design-screens.html"}
{"type":"screen-added","file":"/home/chris/ppp2/artcrm/artcrm-supervisor/.superpowers/brainstorm/961058-1780326277/content/design-approval-reject.html"}
{"type":"screen-updated","file":"/home/chris/ppp2/artcrm/artcrm-supervisor/.superpowers/brainstorm/961058-1780326277/content/design-approval-reject.html"}
{"type":"server-stopped","reason":"idle timeout"}
